Слежение за переходом на Cloudflare, начато 18.08 05:04
05:04  NS:ns1.billur.com.,ns2.billur.com.,ns3.billur.com.,ns4.billur.com.  cert:*.github.io
05:09  NS:ns1.billur.com.,ns2.billur.com.,ns3.billur.com.,ns4.billur.com.  cert:*.github.io
05:14  NS:ns1.billur.com.,ns2.billur.com.,ns3.billur.com.,ns4.billur.com.  cert:*.github.io
05:19  NS:ns1.billur.com.,ns2.billur.com.,ns3.billur.com.,ns4.billur.com.  cert:*.github.io
05:24  NS:ns1.billur.com.,ns2.billur.com.,ns3.billur.com.,ns4.billur.com.  cert:*.github.io
05:29  NS:ns1.billur.com.,ns2.billur.com.,ns3.billur.com.,ns4.billur.com.  cert:*.github.io
05:34  NS:ns1.billur.com.,ns2.billur.com.,ns3.billur.com.,ns4.billur.com.  cert:*.github.io
05:39  NS:ns1.billur.com.,ns2.billur.com.,ns3.billur.com.,ns4.billur.com.  cert:*.github.io
05:44  NS:ns1.billur.com.,ns2.billur.com.,ns3.billur.com.,ns4.billur.com.  cert:*.github.io
05:49  NS:ns1.billur.com.,ns2.billur.com.,ns3.billur.com.,ns4.billur.com.  cert:*.github.io
05:54  NS:ns1.billur.com.,ns2.billur.com.,ns3.billur.com.,ns4.billur.com.  cert:*.github.io
05:59  NS:ns1.billur.com.,ns2.billur.com.,ns3.billur.com.,ns4.billur.com.  cert:*.github.io
06:04  NS:ns1.billur.com.,ns2.billur.com.,ns3.billur.com.,ns4.billur.com.  cert:*.github.io
06:09  NS:ns1.billur.com.,ns2.billur.com.,ns3.billur.com.,ns4.billur.com.  cert:*.github.io
06:14  NS:ns1.billur.com.,ns2.billur.com.,ns3.billur.com.,ns4.billur.com.  cert:*.github.io
06:19  NS:ns1.billur.com.,ns2.billur.com.,ns3.billur.com.,ns4.billur.com.  cert:*.github.io
06:24  NS:ns1.billur.com.,ns2.billur.com.,ns3.billur.com.,ns4.billur.com.  cert:*.github.io
06:29  NS:ns1.billur.com.,ns2.billur.com.,ns3.billur.com.,ns4.billur.com.  cert:*.github.io
06:34  NS:ns1.billur.com.,ns2.billur.com.,ns3.billur.com.,ns4.billur.com.  cert:*.github.io
06:39  NS:ns1.billur.com.,ns2.billur.com.,ns3.billur.com.,ns4.billur.com.  cert:*.github.io
06:44  NS:ns1.billur.com.,ns2.billur.com.,ns3.billur.com.,ns4.billur.com.  cert:*.github.io
06:49  NS:ns1.billur.com.,ns2.billur.com.,ns3.billur.com.,ns4.billur.com.  cert:*.github.io
06:54  NS:ns1.billur.com.,ns2.billur.com.,ns3.billur.com.,ns4.billur.com.  cert:*.github.io
06:59  NS:ns1.billur.com.,ns2.billur.com.,ns3.billur.com.,ns4.billur.com.  cert:*.github.io
07:04  NS:alexa.ns.cloudflare.com.,colin.ns.cloudflare.com.  cert:*.github.io
07:04  >>> ДЕЛЕГИРОВАНИЕ ПЕРЕКЛЮЧИЛОСЬ НА CLOUDFLARE
07:09  NS:ns1.billur.com.,ns2.billur.com.,ns3.billur.com.,ns4.billur.com.  cert:*.github.io
07:14  NS:ns1.billur.com.,ns2.billur.com.,ns3.billur.com.,ns4.billur.com.  cert:*.github.io
07:19  NS:alexa.ns.cloudflare.com.,colin.ns.cloudflare.com.  cert:*.github.io
07:24  NS:ns1.billur.com.,ns2.billur.com.,ns3.billur.com.,ns4.billur.com.  cert:*.github.io
07:29  NS:alexa.ns.cloudflare.com.,colin.ns.cloudflare.com.  cert:*.github.io
07:34  NS:ns1.billur.com.,ns2.billur.com.,ns3.billur.com.,ns4.billur.com.  cert:*.github.io
07:39  NS:alexa.ns.cloudflare.com.,colin.ns.cloudflare.com.  cert:*.github.io
07:44  NS:alexa.ns.cloudflare.com.,colin.ns.cloudflare.com.  cert:*.github.io
07:49  NS:alexa.ns.cloudflare.com.,colin.ns.cloudflare.com.  cert:*.github.io
07:54  NS:alexa.ns.cloudflare.com.,colin.ns.cloudflare.com.  cert:*.github.io
07:59  NS:alexa.ns.cloudflare.com.,colin.ns.cloudflare.com.  cert:*.github.io
08:04  NS:alexa.ns.cloudflare.com.,colin.ns.cloudflare.com.  cert:*.github.io
08:09  NS:alexa.ns.cloudflare.com.,colin.ns.cloudflare.com.  cert:*.github.io
08:14  NS:alexa.ns.cloudflare.com.,colin.ns.cloudflare.com.  cert:*.github.io
08:19  NS:alexa.ns.cloudflare.com.,colin.ns.cloudflare.com.  cert:*.github.io
08:24  NS:alexa.ns.cloudflare.com.,colin.ns.cloudflare.com.  cert:*.github.io
08:29  NS:alexa.ns.cloudflare.com.,colin.ns.cloudflare.com.  cert:*.github.io
08:34  NS:alexa.ns.cloudflare.com.,colin.ns.cloudflare.com.  cert:*.github.io
08:39  NS:alexa.ns.cloudflare.com.,colin.ns.cloudflare.com.  cert:*.github.io
08:44  NS:alexa.ns.cloudflare.com.,colin.ns.cloudflare.com.  cert:*.github.io
08:49  NS:alexa.ns.cloudflare.com.,colin.ns.cloudflare.com.  cert:*.github.io
08:54  NS:alexa.ns.cloudflare.com.,colin.ns.cloudflare.com.  cert:*.github.io
08:59  NS:ns1.billur.com.,ns2.billur.com.,ns3.billur.com.,ns4.billur.com.  cert:*.github.io
09:04  NS:alexa.ns.cloudflare.com.,colin.ns.cloudflare.com.  cert:*.github.io
09:09  NS:ns1.billur.com.,ns2.billur.com.,ns3.billur.com.,ns4.billur.com.  cert:*.github.io
09:14  NS:alexa.ns.cloudflare.com.,colin.ns.cloudflare.com.  cert:*.github.io
09:19  NS:alexa.ns.cloudflare.com.,colin.ns.cloudflare.com.  cert:*.github.io
09:24  NS:alexa.ns.cloudflare.com.,colin.ns.cloudflare.com.  cert:*.github.io
09:29  NS:alexa.ns.cloudflare.com.,colin.ns.cloudflare.com.  cert:*.github.io
09:34  NS:alexa.ns.cloudflare.com.,colin.ns.cloudflare.com.  cert:*.github.io
10:30  NS:alexa.ns.cloudflare.com.,colin.ns.cloudflare.com.  cert:*.github.io
10:45  NS:alexa.ns.cloudflare.com.,colin.ns.cloudflare.com.  cert:*.github.io
10:50  NS:alexa.ns.cloudflare.com.,colin.ns.cloudflare.com.  cert:*.github.io
10:55  NS:alexa.ns.cloudflare.com.,colin.ns.cloudflare.com.  cert:*.github.io
11:00  NS:alexa.ns.cloudflare.com.,colin.ns.cloudflare.com.  cert:*.github.io
14:30  NS:  cert:
18:06  NS:  cert:
20:34  NS:  cert:
20:39  NS:alexa.ns.cloudflare.com.,colin.ns.cloudflare.com.  cert:*.github.io
20:44  NS:alexa.ns.cloudflare.com.,colin.ns.cloudflare.com.  cert:*.github.io
20:49  NS:alexa.ns.cloudflare.com.,colin.ns.cloudflare.com.  cert:*.github.io
20:54  NS:alexa.ns.cloudflare.com.,colin.ns.cloudflare.com.  cert:*.github.io
20:59  NS:alexa.ns.cloudflare.com.,colin.ns.cloudflare.com.  cert:*.github.io
21:04  NS:alexa.ns.cloudflare.com.,colin.ns.cloudflare.com.  cert:*.github.io
21:09  NS:alexa.ns.cloudflare.com.,colin.ns.cloudflare.com.  cert:*.github.io
21:14  NS:alexa.ns.cloudflare.com.,colin.ns.cloudflare.com.  cert:*.github.io
21:19  NS:alexa.ns.cloudflare.com.,colin.ns.cloudflare.com.  cert:*.github.io
21:24  NS:alexa.ns.cloudflare.com.,colin.ns.cloudflare.com.  cert:*.github.io
21:29  NS:alexa.ns.cloudflare.com.,colin.ns.cloudflare.com.  cert:*.github.io
21:34  NS:alexa.ns.cloudflare.com.,colin.ns.cloudflare.com.  cert:*.github.io
21:39  NS:alexa.ns.cloudflare.com.,colin.ns.cloudflare.com.  cert:*.github.io
21:44  NS:alexa.ns.cloudflare.com.,colin.ns.cloudflare.com.  cert:*.github.io
21:49  NS:alexa.ns.cloudflare.com.,colin.ns.cloudflare.com.  cert:*.github.io
21:54  NS:alexa.ns.cloudflare.com.,colin.ns.cloudflare.com.  cert:*.github.io
21:59  NS:alexa.ns.cloudflare.com.,colin.ns.cloudflare.com.  cert:*.github.io
22:04  NS:alexa.ns.cloudflare.com.,colin.ns.cloudflare.com.  cert:*.github.io
22:09  NS:alexa.ns.cloudflare.com.,colin.ns.cloudflare.com.  cert:*.github.io
22:14  NS:alexa.ns.cloudflare.com.,colin.ns.cloudflare.com.  cert:*.github.io
22:40  NS:alexa.ns.cloudflare.com.,colin.ns.cloudflare.com.  cert:*.github.io
